CCS PCH C Compiler, Version 5.059, 5967               21-oct.-23 08:19

               Filename:   C:\Users\pj517\Desktop\PRIMEIRO ANO GEII\II ANO\S3\Informatica\ResoluÁ„o\Resolution TP2\TP3\01\01\exercice01_TP3.lst

               ROM used:   266 bytes (1%)
                           Largest free fragment is 32502
               RAM used:   5 (0%) at main() level
                           6 (0%) worst case
               Stack used: 0 locations
               Stack size: 31

*
0000:  GOTO   0098
.................... // Ecriture dans la m√©moire EEPROM 24LC64 
.................... // sorties : PortC : RC4... = SCL et RC3... = SDA 
.................... #include <18f4520.h> 
.................... //////////// Standard Header file for the PIC18F4520 device //////////////// 
.................... /////////////////////////////////////////////////////////////////////////// 
.................... ////        (C) Copyright 1996, 2014 Custom Computer Services          //// 
.................... //// This source code may only be used by licensed users of the CCS C  //// 
.................... //// compiler.  This source code may only be distributed to other      //// 
.................... //// licensed users of the CCS C compiler.  No other use, reproduction //// 
.................... //// or distribution is permitted without written permission.          //// 
.................... //// Derivative programs created using this software in object code    //// 
.................... //// form are not restricted in any way.                               //// 
.................... /////////////////////////////////////////////////////////////////////////// 
.................... #device PIC18F4520 
....................  
.................... #list 
....................  
.................... #use delay(crystal=20MHz) 
*
0070:  CLRF   FEA
0072:  MOVLW  05
0074:  MOVWF  FE9
0076:  MOVF   FEF,W
0078:  BZ    0094
007A:  MOVLW  06
007C:  MOVWF  01
007E:  CLRF   00
0080:  DECFSZ 00,F
0082:  BRA    0080
0084:  DECFSZ 01,F
0086:  BRA    007E
0088:  MOVLW  7B
008A:  MOVWF  00
008C:  DECFSZ 00,F
008E:  BRA    008C
0090:  DECFSZ FEF,F
0092:  BRA    007A
0094:  GOTO   0106 (RETURN)
.................... #use i2c(master, sda=PIN_C3, scl=PIN_C4) // configuration du bus I2C en MAITRE avec utilisation du module I2C interne 
*
0004:  MOVLW  08
0006:  MOVWF  01
0008:  MOVLW  05
000A:  MOVWF  00
000C:  DECFSZ 00,F
000E:  BRA    000C
0010:  BCF    F8B.4
0012:  BCF    F94.4
0014:  MOVLW  06
0016:  MOVWF  00
0018:  DECFSZ 00,F
001A:  BRA    0018
001C:  RLCF   05,F
001E:  BCF    F8B.3
0020:  BTFSC  FD8.0
0022:  BSF    F94.3
0024:  BTFSS  FD8.0
0026:  BCF    F94.3
0028:  BSF    F94.4
002A:  BTFSS  F82.4
002C:  BRA    002A
002E:  DECFSZ 01,F
0030:  BRA    0008
0032:  MOVLW  05
0034:  MOVWF  00
0036:  DECFSZ 00,F
0038:  BRA    0036
003A:  BCF    F8B.4
003C:  BCF    F94.4
003E:  NOP   
0040:  BSF    F94.3
0042:  MOVLW  06
0044:  MOVWF  00
0046:  DECFSZ 00,F
0048:  BRA    0046
004A:  MOVLW  06
004C:  MOVWF  00
004E:  DECFSZ 00,F
0050:  BRA    004E
0052:  BSF    F94.4
0054:  BTFSS  F82.4
0056:  BRA    0054
0058:  CLRF   01
005A:  MOVLW  06
005C:  MOVWF  00
005E:  DECFSZ 00,F
0060:  BRA    005E
0062:  BTFSC  F82.3
0064:  BSF    01.0
0066:  BCF    F8B.4
0068:  BCF    F94.4
006A:  BCF    F8B.3
006C:  BCF    F94.3
006E:  RETURN 0
.................... unsigned int8 DATA0; 
.................... void main() 
*
0098:  CLRF   FF8
009A:  BCF    FD0.7
009C:  MOVF   FC1,W
009E:  ANDLW  C0
00A0:  IORLW  0F
00A2:  MOVWF  FC1
00A4:  MOVLW  07
00A6:  MOVWF  FB4
.................... { 
.................... output_float(PIN_C3); // mise en sortie collecteur ouvert de la broche RC... 
00A8:  BSF    F94.3
.................... output_float(PIN_C4); // mise en sortie collecteur ouvert de la broche RC... 
00AA:  BSF    F94.4
.................... DATA0 = 90; // donnÈ ‡† stocker 
00AC:  MOVLW  5A
00AE:  MOVWF  04
.................... // Ecriture en m√©moire √† l'adresse AD_MEM de la donn√©e DATA0 
....................  
....................   //le code pour le cahier de charge 1 on doit le modifier de faÁon ‡ l'adaputeur au codigo rÈel 
.................... while(true) 
.................... { 
.................... i2c_start(); 
00B0:  BSF    F94.3
00B2:  MOVLW  05
00B4:  MOVWF  00
00B6:  DECFSZ 00,F
00B8:  BRA    00B6
00BA:  BSF    F94.4
00BC:  MOVLW  06
00BE:  MOVWF  00
00C0:  DECFSZ 00,F
00C2:  BRA    00C0
00C4:  BCF    F8B.3
00C6:  BCF    F94.3
00C8:  MOVLW  05
00CA:  MOVWF  00
00CC:  DECFSZ 00,F
00CE:  BRA    00CC
00D0:  BCF    F8B.4
00D2:  BCF    F94.4
.................... i2c_write(0b01000000); //i2c_write(0b10100000);  // CONTROL BYTE = adresse 0b1010000 + 0 pour l'√©criture (=0xA0=160) 
00D4:  MOVLW  40
00D6:  MOVWF  05
00D8:  RCALL  0004
.................... i2c_write(DATA0); // √©criture de la donn√©e √† l'adresse d√©finie auparavant 
00DA:  MOVFF  04,05
00DE:  RCALL  0004
.................... i2c_stop(); 
00E0:  BCF    F94.3
00E2:  NOP   
00E4:  BSF    F94.4
00E6:  BTFSS  F82.4
00E8:  BRA    00E6
00EA:  MOVLW  05
00EC:  MOVWF  00
00EE:  DECFSZ 00,F
00F0:  BRA    00EE
00F2:  BRA    00F4
00F4:  NOP   
00F6:  BSF    F94.3
00F8:  MOVLW  05
00FA:  MOVWF  00
00FC:  DECFSZ 00,F
00FE:  BRA    00FC
.................... delay_ms(10); 
0100:  MOVLW  0A
0102:  MOVWF  05
0104:  BRA    0070
0106:  BRA    00B0
.................... } 
.................... } 
0108:  SLEEP 

Configuration Fuses:
   Word  1: C200   HS FCMEN IESO
   Word  2: 1E1E   PUT BROWNOUT BORV21 NOWDT WDT32768
   Word  3: 8700   CCP2C1 PBADEN LPT1OSC MCLR
   Word  4: 0081   STVREN NOLVP NOXINST NODEBUG
   Word  5: C00F   NOPROTECT NOCPB NOCPD
   Word  6: E00F   NOWRT NOWRTC NOWRTB NOWRTD
   Word  7: 400F   NOEBTR NOEBTRB
