CCS PCH C Compiler, Version 5.059, 5967               20-oct.-23 09:11

               Filename:   C:\Users\pj517\Desktop\PRIMEIRO ANO GEII\II ANO\S3\Informatica\Resolução\Resolution TP2\04\exercice04.lst

               ROM used:   64 bytes (0%)
                           Largest free fragment is 32704
               RAM used:   6 (0%) at main() level
                           6 (0%) worst case
               Stack used: 0 locations
               Stack size: 31

*
0000:  GOTO   0004
.................... /////////////////////////////////////////////////////////////////////////////// 
.................... // On désire *recevoir* et afficher sur des leds une donnée au format de 8 bits  
.................... //en liaison série de type RS232 de niveau TTL à 4800 bauds sans bit de parité  
.................... //et un bit de stop. 
.................... //Entrée : PortC : RX=RC7 (pour info TX=RC6) 
.................... // Sortie : PortD avec 8 leds 
.................... /////////////////////////////////////////////////////////////////////////////// 
.................... #include <18f4520.h> 
.................... //////////// Standard Header file for the PIC18F4520 device //////////////// 
.................... /////////////////////////////////////////////////////////////////////////// 
.................... ////        (C) Copyright 1996, 2014 Custom Computer Services          //// 
.................... //// This source code may only be used by licensed users of the CCS C  //// 
.................... //// compiler.  This source code may only be distributed to other      //// 
.................... //// licensed users of the CCS C compiler.  No other use, reproduction //// 
.................... //// or distribution is permitted without written permission.          //// 
.................... //// Derivative programs created using this software in object code    //// 
.................... //// form are not restricted in any way.                               //// 
.................... /////////////////////////////////////////////////////////////////////////// 
.................... #device PIC18F4520 
....................  
.................... #list 
....................  
.................... #use delay (crystal=20MHz) 
.................... #use rs232(baud=4800, PARITY=N, BITS=8, STOP=1, xmit=PIN_C6, rcv=PIN_C7) 
.................... // Déclaration des variables 
.................... unsigned int8 DATA; // variable DATA en 8 bits 
.................... unsigned int8 TEMPO; //variable TEMPO 
.................... // PROGRAMME PRINCIPAL 
.................... void main() 
0004:  CLRF   FF8
0006:  BCF    FD0.7
0008:  BSF    FB8.3
000A:  MOVLW  11
000C:  MOVWF  FAF
000E:  MOVLW  04
0010:  MOVWF  FB0
0012:  MOVLW  A6
0014:  MOVWF  FAC
0016:  MOVLW  90
0018:  MOVWF  FAB
001A:  NOP   
001C:  NOP   
001E:  MOVF   FC1,W
0020:  ANDLW  C0
0022:  IORLW  0F
0024:  MOVWF  FC1
0026:  MOVLW  07
0028:  MOVWF  FB4
.................... { 
....................  
....................  TEMPO=10; 
002A:  MOVLW  0A
002C:  MOVWF  05
....................  //DATA=0x95;//0b10010101 Mot binaire à transmettre; 
....................  while(TRUE) 
....................  { 
....................  DATA = getc(); // Lecture de la donnée reçue sur l'UART 
002E:  BTFSS  F9E.5
0030:  BRA    002E
0032:  MOVFF  FAE,04
....................  output_d(DATA) ; // Envoi de DATA sur les leds du PortD 
0036:  CLRF   F95
0038:  MOVFF  04,F8C
003C:  BRA    002E
....................   } 
.................... } 
003E:  SLEEP 

Configuration Fuses:
   Word  1: C200   HS FCMEN IESO
   Word  2: 1E1E   PUT BROWNOUT BORV21 NOWDT WDT32768
   Word  3: 8700   CCP2C1 PBADEN LPT1OSC MCLR
   Word  4: 0081   STVREN NOLVP NOXINST NODEBUG
   Word  5: C00F   NOPROTECT NOCPB NOCPD
   Word  6: E00F   NOWRT NOWRTC NOWRTB NOWRTD
   Word  7: 400F   NOEBTR NOEBTRB
